{
    "-profile test_alphafold3_standard": {
        "content": [
            11,
            {
                "FASTA_TO_ALPHAFOLD3_JSON": {
                    "python": "3.13.0"
                },
                "GENERATE_REPORT": {
                    "python": "3.12.7",
                    "generate_report.py": "Python 3.12.7"
                },
                "MMCIF2PDB_MODELS": {
                    "python": "3.12.7"
                },
                "MMCIF2PDB_TOP_RANKED": {
                    "python": "3.12.7"
                },
                "RUN_ALPHAFOLD3": {
                    "python": null
                },
                "Workflow": {
                    "nf-core/proteinfold": "v1.2.0dev"
                }
            },
            [
                "alphafold3",
                "alphafold3/T1024_msa.tsv",
                "alphafold3/T1024_plddt.tsv",
                "alphafold3/T1026_msa.tsv",
                "alphafold3/T1026_plddt.tsv",
                "alphafold3/publish",
                "alphafold3/publish/T1024_ranked_1.cif",
                "alphafold3/publish/T1024_ranked_2.cif",
                "alphafold3/publish/T1024_ranked_3.cif",
                "alphafold3/publish/T1024_ranked_4.cif",
                "alphafold3/publish/T1024_ranked_5.cif",
                "alphafold3/publish/T1024_top_ranked.cif",
                "alphafold3/publish/T1026_ranked_1.cif",
                "alphafold3/publish/T1026_ranked_2.cif",
                "alphafold3/publish/T1026_ranked_3.cif",
                "alphafold3/publish/T1026_ranked_4.cif",
                "alphafold3/publish/T1026_ranked_5.cif",
                "alphafold3/publish/T1026_top_ranked.cif",
                "fasta",
                "fasta/T1024.json",
                "fasta/T1026.json",
                "generate",
                "generate/test_LDDT.html",
                "generate/test_alphafold2_report.html",
                "generate/test_seq_coverage.png",
                "mmcif2pdb",
                "mmcif2pdb/T1024_ranked_1.cif.pdb",
                "mmcif2pdb/T1024_ranked_2.cif.pdb",
                "mmcif2pdb/T1024_ranked_3.cif.pdb",
                "mmcif2pdb/T1024_ranked_4.cif.pdb",
                "mmcif2pdb/T1024_ranked_5.cif.pdb",
                "mmcif2pdb/T1024_top_ranked.cif.pdb",
                "mmcif2pdb/T1026_ranked_1.cif.pdb",
                "mmcif2pdb/T1026_ranked_2.cif.pdb",
                "mmcif2pdb/T1026_ranked_3.cif.pdb",
                "mmcif2pdb/T1026_ranked_4.cif.pdb",
                "mmcif2pdb/T1026_ranked_5.cif.pdb",
                "mmcif2pdb/T1026_top_ranked.cif.pdb",
                "multiqc",
                "multiqc/multiqc_data",
                "multiqc/multiqc_plots",
                "multiqc/multiqc_report.html",
                "pipeline_info",
                "pipeline_info/nf_core_proteinfold_software_mqc_versions.yml"
            ],
            [
                "T1024_msa.tsv:md5,d41d8cd98f00b204e9800998ecf8427e",
                "T1024_plddt.tsv:md5,d41d8cd98f00b204e9800998ecf8427e",
                "T1026_msa.tsv:md5,d41d8cd98f00b204e9800998ecf8427e",
                "T1026_plddt.tsv:md5,d41d8cd98f00b204e9800998ecf8427e",
                "T1024_ranked_1.cif:md5,d41d8cd98f00b204e9800998ecf8427e",
                "T1024_ranked_2.cif:md5,d41d8cd98f00b204e9800998ecf8427e",
                "T1024_ranked_3.cif:md5,d41d8cd98f00b204e9800998ecf8427e",
                "T1024_ranked_4.cif:md5,d41d8cd98f00b204e9800998ecf8427e",
                "T1024_ranked_5.cif:md5,d41d8cd98f00b204e9800998ecf8427e",
                "T1024_top_ranked.cif:md5,d41d8cd98f00b204e9800998ecf8427e",
                "T1026_ranked_1.cif:md5,d41d8cd98f00b204e9800998ecf8427e",
                "T1026_ranked_2.cif:md5,d41d8cd98f00b204e9800998ecf8427e",
                "T1026_ranked_3.cif:md5,d41d8cd98f00b204e9800998ecf8427e",
                "T1026_ranked_4.cif:md5,d41d8cd98f00b204e9800998ecf8427e",
                "T1026_ranked_5.cif:md5,d41d8cd98f00b204e9800998ecf8427e",
                "T1026_top_ranked.cif:md5,d41d8cd98f00b204e9800998ecf8427e",
                "T1024.json:md5,d41d8cd98f00b204e9800998ecf8427e",
                "T1026.json:md5,d41d8cd98f00b204e9800998ecf8427e",
                "test_LDDT.html:md5,d41d8cd98f00b204e9800998ecf8427e",
                "test_alphafold2_report.html:md5,d41d8cd98f00b204e9800998ecf8427e",
                "test_seq_coverage.png:md5,d41d8cd98f00b204e9800998ecf8427e",
                "T1024_ranked_1.cif.pdb:md5,d41d8cd98f00b204e9800998ecf8427e",
                "T1024_ranked_2.cif.pdb:md5,d41d8cd98f00b204e9800998ecf8427e",
                "T1024_ranked_3.cif.pdb:md5,d41d8cd98f00b204e9800998ecf8427e",
                "T1024_ranked_4.cif.pdb:md5,d41d8cd98f00b204e9800998ecf8427e",
                "T1024_ranked_5.cif.pdb:md5,d41d8cd98f00b204e9800998ecf8427e",
                "T1024_top_ranked.cif.pdb:md5,d41d8cd98f00b204e9800998ecf8427e",
                "T1026_ranked_1.cif.pdb:md5,d41d8cd98f00b204e9800998ecf8427e",
                "T1026_ranked_2.cif.pdb:md5,d41d8cd98f00b204e9800998ecf8427e",
                "T1026_ranked_3.cif.pdb:md5,d41d8cd98f00b204e9800998ecf8427e",
                "T1026_ranked_4.cif.pdb:md5,d41d8cd98f00b204e9800998ecf8427e",
                "T1026_ranked_5.cif.pdb:md5,d41d8cd98f00b204e9800998ecf8427e",
                "T1026_top_ranked.cif.pdb:md5,d41d8cd98f00b204e9800998ecf8427e"
            ]
        ],
        "meta": {
            "nf-test": "0.9.2",
            "nextflow": "24.10.5"
        },
        "timestamp": "2025-07-01T23:02:05.225476"
    }
}