{
    "-profile test_colabfold_webserver": {
        "content": [
            5,
            {
                "COLABFOLD_BATCH": {
                    "colabfold_batch": "1.5.2"
                },
                "GENERATE_REPORT": {
                    "python": "3.12.7",
                    "generate_report.py": "Python 3.12.7"
                },
                "Workflow": {
                    "nf-core/proteinfold": "v1.2.0dev"
                }
            },
            [
                "colabfold",
                "colabfold/webserver",
                "colabfold/webserver/T1024_colabfold.pdb",
                "colabfold/webserver/T1024_coverage.png",
                "colabfold/webserver/T1024_mqc.png",
                "colabfold/webserver/T1024_relaxed_rank_01.pdb",
                "colabfold/webserver/T1024_relaxed_rank_02.pdb",
                "colabfold/webserver/T1024_relaxed_rank_03.pdb",
                "colabfold/webserver/T1026_colabfold.pdb",
                "colabfold/webserver/T1026_coverage.png",
                "colabfold/webserver/T1026_mqc.png",
                "colabfold/webserver/T1026_relaxed_rank_01.pdb",
                "colabfold/webserver/T1026_relaxed_rank_02.pdb",
                "colabfold/webserver/T1026_relaxed_rank_03.pdb",
                "colabfold/webserver/top_ranked_structures",
                "generate",
                "generate/test_LDDT.html",
                "generate/test_alphafold2_report.html",
                "generate/test_seq_coverage.png",
                "multiqc",
                "multiqc/multiqc_data",
                "multiqc/multiqc_plots",
                "multiqc/multiqc_report.html",
                "pipeline_info",
                "pipeline_info/nf_core_proteinfold_software_mqc_versions.yml"
            ],
            [
                "T1024_colabfold.pdb:md5,d41d8cd98f00b204e9800998ecf8427e",
                "T1024_coverage.png:md5,d41d8cd98f00b204e9800998ecf8427e",
                "T1024_mqc.png:md5,d41d8cd98f00b204e9800998ecf8427e",
                "T1024_relaxed_rank_01.pdb:md5,d41d8cd98f00b204e9800998ecf8427e",
                "T1024_relaxed_rank_02.pdb:md5,d41d8cd98f00b204e9800998ecf8427e",
                "T1024_relaxed_rank_03.pdb:md5,d41d8cd98f00b204e9800998ecf8427e",
                "T1026_colabfold.pdb:md5,d41d8cd98f00b204e9800998ecf8427e",
                "T1026_coverage.png:md5,d41d8cd98f00b204e9800998ecf8427e",
                "T1026_mqc.png:md5,d41d8cd98f00b204e9800998ecf8427e",
                "T1026_relaxed_rank_01.pdb:md5,d41d8cd98f00b204e9800998ecf8427e",
                "T1026_relaxed_rank_02.pdb:md5,d41d8cd98f00b204e9800998ecf8427e",
                "T1026_relaxed_rank_03.pdb:md5,d41d8cd98f00b204e9800998ecf8427e",
                "test_LDDT.html:md5,d41d8cd98f00b204e9800998ecf8427e",
                "test_alphafold2_report.html:md5,d41d8cd98f00b204e9800998ecf8427e",
                "test_seq_coverage.png:md5,d41d8cd98f00b204e9800998ecf8427e"
            ]
        ],
        "meta": {
            "nf-test": "0.9.2",
            "nextflow": "24.10.5"
        },
        "timestamp": "2025-07-24T16:55:02.279523773"
    }
}