{
    "-profile test": {
        "content": [
            5,
            {
                "GENERATE_REPORT": {
                    "python": "3.12.7",
                    "generate_report.py": "Python 3.12.7"
                },
                "RUN_ALPHAFOLD2": {
                    "python": null
                },
                "Workflow": {
                    "nf-core/proteinfold": "v1.2.0dev"
                }
            },
            [
                "alphafold2",
                "alphafold2/standard",
                "alphafold2/standard/T1024.1",
                "alphafold2/standard/T1024.1/ranked_0.pdb",
                "alphafold2/standard/T1024.1/ranked_1.pdb",
                "alphafold2/standard/T1024.1/ranked_2.pdb",
                "alphafold2/standard/T1024.1/ranked_3.pdb",
                "alphafold2/standard/T1024.1/ranked_4.pdb",
                "alphafold2/standard/T1024_0_pae.tsv",
                "alphafold2/standard/T1024_alphafold2.pdb",
                "alphafold2/standard/T1024_msa.tsv",
                "alphafold2/standard/T1024_plddt.tsv",
                "alphafold2/standard/T1026.1",
                "alphafold2/standard/T1026.1/ranked_0.pdb",
                "alphafold2/standard/T1026.1/ranked_1.pdb",
                "alphafold2/standard/T1026.1/ranked_2.pdb",
                "alphafold2/standard/T1026.1/ranked_3.pdb",
                "alphafold2/standard/T1026.1/ranked_4.pdb",
                "alphafold2/standard/T1026_0_pae.tsv",
                "alphafold2/standard/T1026_alphafold2.pdb",
                "alphafold2/standard/T1026_msa.tsv",
                "alphafold2/standard/T1026_plddt.tsv",
                "alphafold2/standard/top_ranked_structures",
                "alphafold2/standard/top_ranked_structures/T1024.pdb",
                "alphafold2/standard/top_ranked_structures/T1026.pdb",
                "generate",
                "generate/test_LDDT.html",
                "generate/test_alphafold2_report.html",
                "generate/test_seq_coverage.png",
                "multiqc",
                "multiqc/alphafold2_multiqc_data",
                "multiqc/alphafold2_multiqc_plots",
                "multiqc/alphafold2_multiqc_report.html",
                "pipeline_info",
                "pipeline_info/nf_core_proteinfold_software_mqc_versions.yml"
            ],
            [
                "ranked_0.pdb:md5,d41d8cd98f00b204e9800998ecf8427e",
                "ranked_1.pdb:md5,d41d8cd98f00b204e9800998ecf8427e",
                "ranked_2.pdb:md5,d41d8cd98f00b204e9800998ecf8427e",
                "ranked_3.pdb:md5,d41d8cd98f00b204e9800998ecf8427e",
                "ranked_4.pdb:md5,d41d8cd98f00b204e9800998ecf8427e",
                "T1024_0_pae.tsv:md5,d41d8cd98f00b204e9800998ecf8427e",
                "T1024_alphafold2.pdb:md5,d41d8cd98f00b204e9800998ecf8427e",
                "T1024_msa.tsv:md5,d41d8cd98f00b204e9800998ecf8427e",
                "T1024_plddt.tsv:md5,d41d8cd98f00b204e9800998ecf8427e",
                "ranked_0.pdb:md5,d41d8cd98f00b204e9800998ecf8427e",
                "ranked_1.pdb:md5,d41d8cd98f00b204e9800998ecf8427e",
                "ranked_2.pdb:md5,d41d8cd98f00b204e9800998ecf8427e",
                "ranked_3.pdb:md5,d41d8cd98f00b204e9800998ecf8427e",
                "ranked_4.pdb:md5,d41d8cd98f00b204e9800998ecf8427e",
                "T1026_0_pae.tsv:md5,d41d8cd98f00b204e9800998ecf8427e",
                "T1026_alphafold2.pdb:md5,d41d8cd98f00b204e9800998ecf8427e",
                "T1026_msa.tsv:md5,d41d8cd98f00b204e9800998ecf8427e",
                "T1026_plddt.tsv:md5,d41d8cd98f00b204e9800998ecf8427e",
                "T1024.pdb:md5,d41d8cd98f00b204e9800998ecf8427e",
                "T1026.pdb:md5,d41d8cd98f00b204e9800998ecf8427e",
                "test_LDDT.html:md5,d41d8cd98f00b204e9800998ecf8427e",
                "test_alphafold2_report.html:md5,d41d8cd98f00b204e9800998ecf8427e",
                "test_seq_coverage.png:md5,d41d8cd98f00b204e9800998ecf8427e",
                "alphafold2_multiqc_report.html:md5,d41d8cd98f00b204e9800998ecf8427e"
            ]
        ],
        "meta": {
            "nf-test": "0.9.2",
            "nextflow": "24.10.5"
        },
        "timestamp": "2025-07-01T21:48:12.396129"
    }
}