{
    "-profile test_esmfold": {
        "content": [
            5,
            {
                "GENERATE_REPORT": {
                    "python": "3.12.7",
                    "generate_report.py": "Python 3.12.7"
                },
                "RUN_ESMFOLD": {
                    "esm-fold": "1.0.3"
                },
                "Workflow": {
                    "nf-core/proteinfold": "v1.2.0dev"
                }
            },
            [
                "esmfold",
                "esmfold/default",
                "esmfold/default/T1024_esmfold.pdb",
                "esmfold/default/T1024_plddt.tsv",
                "esmfold/default/T1026_esmfold.pdb",
                "esmfold/default/T1026_plddt.tsv",
                "esmfold/default/top_ranked_structures",
                "esmfold/default/top_ranked_structures/T1024.pdb",
                "esmfold/default/top_ranked_structures/T1026.pdb",
                "generate",
                "generate/test_LDDT.html",
                "generate/test_alphafold2_report.html",
                "generate/test_seq_coverage.png",
                "multiqc",
                "multiqc/multiqc_data",
                "multiqc/multiqc_plots",
                "multiqc/multiqc_report.html",
                "pipeline_info",
                "pipeline_info/nf_core_proteinfold_software_mqc_versions.yml"
            ],
            [
                "T1024_esmfold.pdb:md5,d41d8cd98f00b204e9800998ecf8427e",
                "T1024_plddt.tsv:md5,d41d8cd98f00b204e9800998ecf8427e",
                "T1026_esmfold.pdb:md5,d41d8cd98f00b204e9800998ecf8427e",
                "T1026_plddt.tsv:md5,d41d8cd98f00b204e9800998ecf8427e",
                "T1024.pdb:md5,d41d8cd98f00b204e9800998ecf8427e",
                "T1026.pdb:md5,d41d8cd98f00b204e9800998ecf8427e",
                "test_LDDT.html:md5,d41d8cd98f00b204e9800998ecf8427e",
                "test_alphafold2_report.html:md5,d41d8cd98f00b204e9800998ecf8427e",
                "test_seq_coverage.png:md5,d41d8cd98f00b204e9800998ecf8427e"
            ]
        ],
        "meta": {
            "nf-test": "0.9.2",
            "nextflow": "24.10.5"
        },
        "timestamp": "2025-07-01T23:19:34.656166"
    }
}