{
    "-profile test_split_fasta": {
        "content": [
            7,
            {
                "COLABFOLD_BATCH": {
                    "colabfold_batch": "1.5.2"
                },
                "GENERATE_REPORT": {
                    "python": "3.12.7",
                    "generate_report.py": "Python 3.12.7"
                },
                "MMSEQS_COLABFOLDSEARCH": {
                    "colabfold_search": "1.5.2"
                },
                "Workflow": {
                    "nf-core/proteinfold": "v1.2.0dev"
                }
            },
            [
                "colabfold",
                "colabfold/local",
                "colabfold/local/H1065_N4-Cytosine_Methyltransferase_Serratia_marcescens_subunit_1_127_residues_colabfold.pdb",
                "colabfold/local/H1065_N4-Cytosine_Methyltransferase_Serratia_marcescens_subunit_1_127_residues_coverage.png",
                "colabfold/local/H1065_N4-Cytosine_Methyltransferase_Serratia_marcescens_subunit_1_127_residues_mqc.png",
                "colabfold/local/H1065_N4-Cytosine_Methyltransferase_Serratia_marcescens_subunit_1_127_residues_relaxed_rank_01.pdb",
                "colabfold/local/H1065_N4-Cytosine_Methyltransferase_Serratia_marcescens_subunit_1_127_residues_relaxed_rank_02.pdb",
                "colabfold/local/H1065_N4-Cytosine_Methyltransferase_Serratia_marcescens_subunit_1_127_residues_relaxed_rank_03.pdb",
                "colabfold/local/H1065_N4-Cytosine_Methyltransferase_Serratia_marcescens_subunit_2_98_residues_colabfold.pdb",
                "colabfold/local/H1065_N4-Cytosine_Methyltransferase_Serratia_marcescens_subunit_2_98_residues_coverage.png",
                "colabfold/local/H1065_N4-Cytosine_Methyltransferase_Serratia_marcescens_subunit_2_98_residues_mqc.png",
                "colabfold/local/H1065_N4-Cytosine_Methyltransferase_Serratia_marcescens_subunit_2_98_residues_relaxed_rank_01.pdb",
                "colabfold/local/H1065_N4-Cytosine_Methyltransferase_Serratia_marcescens_subunit_2_98_residues_relaxed_rank_02.pdb",
                "colabfold/local/H1065_N4-Cytosine_Methyltransferase_Serratia_marcescens_subunit_2_98_residues_relaxed_rank_03.pdb",
                "colabfold/local/top_ranked_structures",
                "generate",
                "generate/test_LDDT.html",
                "generate/test_alphafold2_report.html",
                "generate/test_seq_coverage.png",
                "multiqc",
                "multiqc/multiqc_data",
                "multiqc/multiqc_plots",
                "multiqc/multiqc_report.html",
                "pipeline_info",
                "pipeline_info/nf_core_proteinfold_software_mqc_versions.yml"
            ],
            [
                "H1065_N4-Cytosine_Methyltransferase_Serratia_marcescens_subunit_1_127_residues_colabfold.pdb:md5,d41d8cd98f00b204e9800998ecf8427e",
                "H1065_N4-Cytosine_Methyltransferase_Serratia_marcescens_subunit_1_127_residues_coverage.png:md5,d41d8cd98f00b204e9800998ecf8427e",
                "H1065_N4-Cytosine_Methyltransferase_Serratia_marcescens_subunit_1_127_residues_mqc.png:md5,d41d8cd98f00b204e9800998ecf8427e",
                "H1065_N4-Cytosine_Methyltransferase_Serratia_marcescens_subunit_1_127_residues_relaxed_rank_01.pdb:md5,d41d8cd98f00b204e9800998ecf8427e",
                "H1065_N4-Cytosine_Methyltransferase_Serratia_marcescens_subunit_1_127_residues_relaxed_rank_02.pdb:md5,d41d8cd98f00b204e9800998ecf8427e",
                "H1065_N4-Cytosine_Methyltransferase_Serratia_marcescens_subunit_1_127_residues_relaxed_rank_03.pdb:md5,d41d8cd98f00b204e9800998ecf8427e",
                "H1065_N4-Cytosine_Methyltransferase_Serratia_marcescens_subunit_2_98_residues_colabfold.pdb:md5,d41d8cd98f00b204e9800998ecf8427e",
                "H1065_N4-Cytosine_Methyltransferase_Serratia_marcescens_subunit_2_98_residues_coverage.png:md5,d41d8cd98f00b204e9800998ecf8427e",
                "H1065_N4-Cytosine_Methyltransferase_Serratia_marcescens_subunit_2_98_residues_mqc.png:md5,d41d8cd98f00b204e9800998ecf8427e",
                "H1065_N4-Cytosine_Methyltransferase_Serratia_marcescens_subunit_2_98_residues_relaxed_rank_01.pdb:md5,d41d8cd98f00b204e9800998ecf8427e",
                "H1065_N4-Cytosine_Methyltransferase_Serratia_marcescens_subunit_2_98_residues_relaxed_rank_02.pdb:md5,d41d8cd98f00b204e9800998ecf8427e",
                "H1065_N4-Cytosine_Methyltransferase_Serratia_marcescens_subunit_2_98_residues_relaxed_rank_03.pdb:md5,d41d8cd98f00b204e9800998ecf8427e",
                "test_LDDT.html:md5,d41d8cd98f00b204e9800998ecf8427e",
                "test_alphafold2_report.html:md5,d41d8cd98f00b204e9800998ecf8427e",
                "test_seq_coverage.png:md5,d41d8cd98f00b204e9800998ecf8427e"
            ]
        ],
        "meta": {
            "nf-test": "0.9.2",
            "nextflow": "24.10.5"
        },
        "timestamp": "2025-07-24T16:55:26.47855323"
    }
}